// Jest Snapshot v1, https://goo.gl/fbAQLP

exports[`getPostQuery gets post and returns domain transfer object 1`] = `
{
  "id": 1,
  "published": false,
  "title": "Mock post",
}
`;
