// Jest Snapshot v1, https://goo.gl/fbAQLP

exports[`POST /api/v1/posts given a valid request creates post and responds with a 201 status code 1`] = `
{
  "id": Any<Number>,
}
`;
